[debug] [2026-09-17T05:21:29.229Z] ----------------------------------------------------------------------
[debug] [2026-09-17T05:21:29.235Z] Command:       /opt/homebrew/Cellar/node@20/20.20.2/bin/node /opt/homebrew/bin/firebase deploy --only firestore:indexes
[debug] [2026-09-17T05:21:29.236Z] CLI Version:   15.26.0
[debug] [2026-09-17T05:21:29.236Z] Platform:      darwin
[debug] [2026-09-17T05:21:29.236Z] Node Version:  v20.20.2
[debug] [2026-09-17T05:21:29.236Z] Detected Agent: unknown
[debug] [2026-09-17T05:21:29.236Z] Time:          Thu Sep 17 2026 10:51:29 GMT+0530 (India Standard Time)
[debug] [2026-09-17T05:21:29.236Z] ----------------------------------------------------------------------
[debug] 
[debug] [2026-09-17T05:21:29.244Z] >>> [apiv2][query] GET https://firebase-public.firebaseio.com/cli.json [none]
[debug] [2026-09-17T05:21:34.921Z] Error: Timed out.
    at Timeout._onTimeout (/opt/homebrew/lib/node_modules/firebase-tools/lib/utils.js:296:49)
    at listOnTimeout (node:internal/timers:581:17)
    at process.processTimers (node:internal/timers:519:7)
[error] 
[error] Error: An unexpected error has occurred.
[debug] [2026-09-17T05:23:40.147Z] ----------------------------------------------------------------------
[debug] [2026-09-17T05:23:40.148Z] Command:       /opt/homebrew/Cellar/node@20/20.20.2/bin/node /opt/homebrew/bin/firebase projects:list
[debug] [2026-09-17T05:23:40.149Z] CLI Version:   15.26.0
[debug] [2026-09-17T05:23:40.149Z] Platform:      darwin
[debug] [2026-09-17T05:23:40.149Z] Node Version:  v20.20.2
[debug] [2026-09-17T05:23:40.149Z] Detected Agent: unknown
[debug] [2026-09-17T05:23:40.149Z] Time:          Thu Sep 17 2026 10:53:40 GMT+0530 (India Standard Time)
[debug] [2026-09-17T05:23:40.149Z] ----------------------------------------------------------------------
[debug] 
[debug] [2026-09-17T05:23:40.154Z] >>> [apiv2][query] GET https://firebase-public.firebaseio.com/cli.json [none]
[debug] [2026-09-17T05:23:40.171Z] > command requires scopes: ["email","openid","https://www.googleapis.com/auth/cloudplatformprojects.readonly","https://www.googleapis.com/auth/firebase","https://www.googleapis.com/auth/cloud-platform"]
[debug] [2026-09-17T05:23:40.171Z] > authorizing via signed-in user (lumis.ai.official@gmail.com)
[debug] [2026-09-17T05:23:40.173Z] Checked if tokens are valid: false, expires at: 1786009853565
[debug] [2026-09-17T05:23:40.173Z] Checked if tokens are valid: false, expires at: 1786009853565
[debug] [2026-09-17T05:23:40.174Z] > refreshing access token with scopes: []
[debug] [2026-09-17T05:23:40.174Z] >>> [apiv2][query] POST https://www.googleapis.com/oauth2/v3/token [none]
[debug] [2026-09-17T05:23:40.175Z] >>> [apiv2][body] POST https://www.googleapis.com/oauth2/v3/token [omitted]
[debug] [2026-09-17T05:23:48.875Z] <<< [apiv2][status] POST https://www.googleapis.com/oauth2/v3/token 200
[debug] [2026-09-17T05:23:48.875Z] <<< [apiv2][body] POST https://www.googleapis.com/oauth2/v3/token [omitted]
[debug] [2026-09-17T05:23:48.890Z] >>> [apiv2][query] GET https://firebase.googleapis.com/v1beta1/projects pageSize=1000
[debug] [2026-09-17T05:23:55.426Z] <<< [apiv2][status] GET https://firebase-public.firebaseio.com/cli.json 200
[debug] [2026-09-17T05:23:55.426Z] <<< [apiv2][body] GET https://firebase-public.firebaseio.com/cli.json {"cloudBuildErrorAfter":1594252800000,"cloudBuildWarnAfter":1590019200000,"defaultNode10After":1594252800000,"minVersion":"3.0.5","node8DeploysDisabledAfter":1613390400000,"node8RuntimeDisabledAfter":1615809600000,"node8WarnAfter":1600128000000}
[debug] [2026-09-17T05:23:57.148Z] <<< [apiv2][status] GET https://firebase.googleapis.com/v1beta1/projects 200
[debug] [2026-09-17T05:23:57.148Z] <<< [apiv2][body] GET https://firebase.googleapis.com/v1beta1/projects [omitted]
[info] ┌──────────────────────┬───────────────────┬────────────────┬──────────────────────┐
│ Project Display Name │ Project ID        │ Project Number │ Resource Location ID │
├──────────────────────┼───────────────────┼────────────────┼──────────────────────┤
│ Aira                 │ aira-15c5c        │ 185722046922   │ [Not specified]      │
├──────────────────────┼───────────────────┼────────────────┼──────────────────────┤
│ Udhar-Kitab          │ udhar-kitab       │ 762138567483   │ [Not specified]      │
├──────────────────────┼───────────────────┼────────────────┼──────────────────────┤
│ vitalis              │ vitalis-c8541     │ 664492129293   │ [Not specified]      │
├──────────────────────┼───────────────────┼────────────────┼──────────────────────┤
│ voice-clone          │ voice-clone-c78d6 │ 1045881326567  │ [Not specified]      │
└──────────────────────┴───────────────────┴────────────────┴──────────────────────┘
[info] 
[info] 4 project(s) total.
[debug] [2026-09-17T05:24:07.170Z] Error: Timed out.
    at Timeout._onTimeout (/opt/homebrew/lib/node_modules/firebase-tools/lib/utils.js:296:49)
    at listOnTimeout (node:internal/timers:581:17)
    at process.processTimers (node:internal/timers:519:7)
[error] 
[error] Error: An unexpected error has occurred.
